// Jest Snapshot v1, https://goo.gl/fbAQLP

exports[`App App renders correctly 1`] = `
<DocumentFragment>
  <div
    class="App"
  >
    <img
      class="nasa-logo"
      src="https://cdn.cnn.com/cnnnext/dam/assets/200424060716-nasa-worm-logo.jpg"
    />
    <div
      class="search-input"
    />
    <input
      type="text"
    />
  </div>
</DocumentFragment>
`;
