// Jest Snapshot v1, https://goo.gl/fbAQLP

exports[`Search renders correctly 1`] = `
<DocumentFragment>
  <div
    class="search-input"
  />
  <input
    type="text"
  />
</DocumentFragment>
`;
